Command line invocation:
    /Applications/Xcode.app/Contents/Developer/usr/bin/xcodebuild -project /Users/user/nahaber/ios/App/App.xcodeproj -scheme App -configuration Release -destination generic/platform=iOS -archivePath /Users/user/nahaber/NaHaber.xcarchive CODE_SIGN_STYLE=Automatic DEVELOPMENT_TEAM=VMZA353GB7 -allowProvisioningUpdates -verbose archive

Build settings from command line:
    CODE_SIGN_STYLE = Automatic
    DEVELOPMENT_TEAM = VMZA353GB7

Resolve Package Graph


Resolved source packages:
  capacitor-swift-pm: https://github.com/ionic-team/capacitor-swift-pm.git @ 8.4.1
  CapApp-SPM: /Users/user/nahaber/ios/App/CapApp-SPM @ local

2026-06-26 15:33:27.667 xcodebuild[4321:1062210] [MT] IDERunDestination: Supported platforms for the buildables in the current scheme is empty.
ComputePackagePrebuildTargetDependencyGraph

Prepare packages

CreateBuildRequest

SendProjectDescription

CreateBuildOperation

ComputeTargetDependencyGraph
note: Building targets in dependency order
note: Target dependency graph (5 targets)
    Target 'App' in project 'App'
        ➜ Explicit dependency on target 'CapApp-SPM' in project 'CapApp-SPM'
    Target 'CapApp-SPM' in project 'CapApp-SPM'
        ➜ Explicit dependency on target 'CapApp-SPM' in project 'CapApp-SPM'
        ➜ Explicit dependency on target 'Capacitor' in project 'capacitor-swift-pm'
        ➜ Explicit dependency on target 'Cordova' in project 'capacitor-swift-pm'
    Target 'CapApp-SPM' in project 'CapApp-SPM'
        ➜ Explicit dependency on target 'Capacitor' in project 'capacitor-swift-pm'
        ➜ Explicit dependency on target 'Cordova' in project 'capacitor-swift-pm'
    Target 'Cordova' in project 'capacitor-swift-pm' (no dependencies)
    Target 'Capacitor' in project 'capacitor-swift-pm' (no dependencies)

GatherProvisioningInputs

CreateBuildDescription

ExecuteExternalTool /Applications/Xcode.app/Contents/Developer/Toolchains/XcodeDefault.xctoolchain/usr/bin/swiftc --version

ExecuteExternalTool /Applications/Xcode.app/Contents/Developer/usr/bin/actool --print-asset-tag-combinations --output-format xml1 /Users/user/nahaber/ios/App/App/Assets.xcassets

ExecuteExternalTool /Applications/Xcode.app/Contents/Developer/Toolchains/XcodeDefault.xctoolchain/usr/bin/clang -v -E -dM -isysroot /Applications/Xcode.app/Contents/Developer/Platforms/iPhoneOS.platform/Developer/SDKs/iPhoneOS26.5.sdk -x c -c /dev/null

ExecuteExternalTool /Applications/Xcode.app/Contents/Developer/usr/bin/ibtool --version --output-format xml1

ExecuteExternalTool /Applications/Xcode.app/Contents/Developer/usr/bin/actool --version --output-format xml1

ExecuteExternalTool /Applications/Xcode.app/Contents/Developer/Toolchains/XcodeDefault.xctoolchain/usr/bin/ld -version_details

Build description signature: 6ef6a1d253131eb7c5fefea0db42b68a
Build description path: /Users/user/Library/Developer/Xcode/DerivedData/App-dbrcbrzcbnxwuibrqytmbeozgnkz/Build/Intermediates.noindex/ArchiveIntermediates/App/IntermediateBuildFilesPath/XCBuildData/6ef6a1d253131eb7c5fefea0db42b68a.xcbuilddata
/Users/user/nahaber/ios/App/App.xcodeproj: error: Communication with Apple failed: Your team has no devices from which to generate a provisioning profile. Connect a device to use or manually add device IDs in Certificates, Identifiers & Profiles. https://developer.apple.com/account/ (in target 'App' from project 'App')
/Users/user/nahaber/ios/App/App.xcodeproj: error: No profiles for 'com.nahaber.app' were found: Xcode couldn't find any iOS App Development provisioning profiles matching 'com.nahaber.app'. (in target 'App' from project 'App')
** ARCHIVE FAILED **


The following build commands failed:
	Archiving project App with scheme App
(1 failure)
Exit: 65
