
━━━━━━━━━━━━━━━━━━━━━━━━━━━━━━━━━━━━━━━━
  NaHaber — Archive Debug
━━━━━━━━━━━━━━━━━━━━━━━━━━━━━━━━━━━━━━━━

📋 Xcode sürümü:
Xcode 26.6
Build version 17F113

📱 Mevcut SDK'lar:
DriverKit SDKs:
	DriverKit 25.5                	-sdk driverkit25.5

iOS SDKs:
	iOS 26.5                      	-sdk iphoneos26.5

iOS Simulator SDKs:
	Simulator - iOS 26.5          	-sdk iphonesimulator26.5

macOS SDKs:
	macOS 26.5                    	-sdk macosx26.5
	macOS 26.5                    	-sdk macosx26.5

tvOS SDKs:
	tvOS 26.5                     	-sdk appletvos26.5

tvOS Simulator SDKs:
	Simulator - tvOS 26.5         	-sdk appletvsimulator26.5

visionOS SDKs:
	visionOS 26.5                 	-sdk xros26.5

visionOS Simulator SDKs:
	Simulator - visionOS 26.5     	-sdk xrsimulator26.5

watchOS SDKs:
	watchOS 26.5                  	-sdk watchos26.5

watchOS Simulator SDKs:
	Simulator - watchOS 26.5      	-sdk watchsimulator26.5


🎯 Destinations:
Command line invocation:
    /Applications/Xcode.app/Contents/Developer/usr/bin/xcodebuild -project /Users/user/nahaber/ios/App/App.xcodeproj -scheme App -showdestinations

Resolve Package Graph


Resolved source packages:
  capacitor-swift-pm: https://github.com/ionic-team/capacitor-swift-pm.git @ 8.4.1
  CapApp-SPM: /Users/user/nahaber/ios/App/CapApp-SPM @ local

2026-06-26 14:30:20.221 xcodebuild[99217:1007702] [MT] IDERunDestination: Supported platforms for the buildables in the current scheme is empty.


	Available destinations for the "App" scheme:
		{ platform:macOS, arch:arm64, variant:Designed for [iPad,iPhone], id:00008132-000E45D42E53801C, name:My Mac }
		{ platform:iOS, id:dvtdevice-DVTiPhonePlaceholder-iphoneos:placeholder, name:Any iOS Device }
		{ platform:iOS Simulator, id:dvtdevice-DVTiOSDeviceSimulatorPlaceholder-iphonesimulator:placeholder, name:Any iOS Simulator Device }
		{ platform:iOS Simulator, arch:arm64, id:10857737-541A-4C79-A66B-E31184C2E992, OS:26.5, name:iPad (A16) }
		{ platform:iOS Simulator, arch:arm64, id:67BD9C95-49D7-4952-8374-A1885DCAF3CA, OS:26.5, name:iPad Air 11-inch (M4) }
		{ platform:iOS Simulator, arch:arm64, id:8AB17D18-C8F3-4F0B-B34F-C69442EBD0F3, OS:26.5, name:iPad Air 13-inch (M4) }
		{ platform:iOS Simulator, arch:arm64, id:0901F526-A5EB-4D73-A6E6-61BD16E4FE57, OS:26.5, name:iPad Pro 11-inch (M5) }
		{ platform:iOS Simulator, arch:arm64, id:2D07D083-BEF6-4C00-BD06-6151033BC0F3, OS:26.5, name:iPad Pro 13-inch (M5) }
		{ platform:iOS Simulator, arch:arm64, id:31D3A756-1A4B-41EE-BEE7-642035EC56FB, OS:26.5, name:iPad mini (A17 Pro) }
		{ platform:iOS Simulator, arch:arm64, id:726189D2-B097-406E-A37D-5D236320DAC7, OS:26.5, name:iPhone 17 }
		{ platform:iOS Simulator, arch:arm64, id:C95383BD-643A-4BCD-AAE9-60A52EE3EC3E, OS:26.5, name:iPhone 17 Pro }
		{ platform:iOS Simulator, arch:arm64, id:24629F5B-3B76-40A4-A973-F0CAA4C25A56, OS:26.5, name:iPhone 17 Pro Max }
		{ platform:iOS Simulator, arch:arm64, id:FCC850F6-67A7-4130-8745-B57D1E0025CF, OS:26.5, name:iPhone 17e }
		{ platform:iOS Simulator, arch:arm64, id:4B2B42F3-3197-4862-B070-CD126853427B, OS:26.5, name:iPhone Air }

📦 Archive başlıyor (tam log)...
Command line invocation:
    /Applications/Xcode.app/Contents/Developer/usr/bin/xcodebuild -project /Users/user/nahaber/ios/App/App.xcodeproj -scheme App -configuration Release -destination generic/platform=iOS -archivePath /Users/user/nahaber/NaHaber.xcarchive CODE_SIGN_STYLE=Automatic DEVELOPMENT_TEAM=VMZA353GB7 archive

Build settings from command line:
    CODE_SIGN_STYLE = Automatic
    DEVELOPMENT_TEAM = VMZA353GB7

Resolve Package Graph


Resolved source packages:
  CapApp-SPM: /Users/user/nahaber/ios/App/CapApp-SPM @ local
  capacitor-swift-pm: https://github.com/ionic-team/capacitor-swift-pm.git @ 8.4.1

2026-06-26 14:30:30.798 xcodebuild[99244:1007865] [MT] IDERunDestination: Supported platforms for the buildables in the current scheme is empty.
ComputePackagePrebuildTargetDependencyGraph

Prepare packages

CreateBuildRequest

SendProjectDescription

CreateBuildOperation

ComputeTargetDependencyGraph
note: Building targets in dependency order
note: Target dependency graph (5 targets)
    Target 'App' in project 'App'
        ➜ Explicit dependency on target 'CapApp-SPM' in project 'CapApp-SPM'
    Target 'CapApp-SPM' in project 'CapApp-SPM'
        ➜ Explicit dependency on target 'CapApp-SPM' in project 'CapApp-SPM'
        ➜ Explicit dependency on target 'Capacitor' in project 'capacitor-swift-pm'
        ➜ Explicit dependency on target 'Cordova' in project 'capacitor-swift-pm'
    Target 'CapApp-SPM' in project 'CapApp-SPM'
        ➜ Explicit dependency on target 'Capacitor' in project 'capacitor-swift-pm'
        ➜ Explicit dependency on target 'Cordova' in project 'capacitor-swift-pm'
    Target 'Cordova' in project 'capacitor-swift-pm' (no dependencies)
    Target 'Capacitor' in project 'capacitor-swift-pm' (no dependencies)

GatherProvisioningInputs

CreateBuildDescription

ExecuteExternalTool /Applications/Xcode.app/Contents/Developer/usr/bin/actool --print-asset-tag-combinations --output-format xml1 /Users/user/nahaber/ios/App/App/Assets.xcassets

ExecuteExternalTool /Applications/Xcode.app/Contents/Developer/Toolchains/XcodeDefault.xctoolchain/usr/bin/swiftc --version

ExecuteExternalTool /Applications/Xcode.app/Contents/Developer/Toolchains/XcodeDefault.xctoolchain/usr/bin/clang -v -E -dM -isysroot /Applications/Xcode.app/Contents/Developer/Platforms/iPhoneOS.platform/Developer/SDKs/iPhoneOS26.5.sdk -x c -c /dev/null

ExecuteExternalTool /Applications/Xcode.app/Contents/Developer/usr/bin/ibtool --version --output-format xml1

ExecuteExternalTool /Applications/Xcode.app/Contents/Developer/Toolchains/XcodeDefault.xctoolchain/usr/bin/ld -version_details

ExecuteExternalTool /Applications/Xcode.app/Contents/Developer/usr/bin/actool --version --output-format xml1

Build description signature: b7e3e5b73bc6a0b090503af4ac47275a
Build description path: /Users/user/Library/Developer/Xcode/DerivedData/App-dbrcbrzcbnxwuibrqytmbeozgnkz/Build/Intermediates.noindex/ArchiveIntermediates/App/IntermediateBuildFilesPath/XCBuildData/b7e3e5b73bc6a0b090503af4ac47275a.xcbuilddata
/Users/user/nahaber/ios/App/App.xcodeproj: error: No profiles for 'com.nahaber.app' were found: Xcode couldn't find any iOS App Development provisioning profiles matching 'com.nahaber.app'. Automatic signing is disabled and unable to generate a profile. To enable automatic signing, pass -allowProvisioningUpdates to xcodebuild. (in target 'App' from project 'App')
** ARCHIVE FAILED **


The following build commands failed:
	Archiving project App with scheme App
(1 failure)

Exit code: 65
❌ Archive BAŞARISIZ (exit 65)

Log kaydedildi: /Users/user/nahaber/build.log
