2026-07-09 22:39:18 +0000 [MT] Initial pipeline context: <IDEDistributionProcessingPipelineContext: 0xac2538300; archive(resolved)="<IDEArchive: 0xac1f15570>", distributionTask(resolved)="2", distributionDestination(resolved)="1", distributionMethod(resolved)="<IDEDistributionMethodiOSAppStoreDistribution: 0xac0048000>", team(resolved)="<IDEProvisioningBasicTeam: 0xac280de00; teamID='VMZA353GB7', teamName='(null)'>">
	Chain (15, self inclusive):
	<IDEDistributionProcessingPipelineContext: 0xac2538300; archive = "<IDEArchive: 0xac1f15570>", distributionMethod="<IDEDistributionMethodiOSAppStoreDistribution: 0xac0048000>", team="<IDEProvisioningBasicTeam: 0xac280de00; teamID='VMZA353GB7', teamName='(null)'>">
	<IDEDistributionProcessingPipelineContext: 0xac2538900; archive = "<IDEArchive: 0xac1f15570>", distributionMethod="<IDEDistributionMethodiOSAppStoreDistribution: 0xac0048000>", team="<IDEProvisioningBasicTeam: 0xac280de00; teamID='VMZA353GB7', teamName='(null)'>">
	<IDEDistributionContext: 0xac0bdef80; archive = "<IDEArchive: 0xac1f15570>", distributionMethod="<IDEDistributionMethodiOSAppStoreDistribution: 0xac0048000>", team="<IDEProvisioningBasicTeam: 0xac280de00; teamID='VMZA353GB7', teamName='(null)'>">
	<IDEDistributionContext: 0xac0bded00; archive = "<IDEArchive: 0xac1f15570>", distributionMethod="<IDEDistributionMethodiOSAppStoreDistribution: 0xac0048000>", team="<IDEProvisioningBasicTeam: 0xac280de00; teamID='VMZA353GB7', teamName='(null)'>">
	<IDEDistributionContext: 0xac0bdea80; archive = "<IDEArchive: 0xac1f15570>", distributionMethod="<IDEDistributionMethodiOSAppStoreDistribution: 0xac0048000>", team="<IDEProvisioningBasicTeam: 0xac280de00; teamID='VMZA353GB7', teamName='(null)'>">
	<IDEDistributionContext: 0xac0bde800; archive = "<IDEArchive: 0xac1f15570>", distributionMethod="<IDEDistributionMethodiOSAppStoreDistribution: 0xac0048000>", team="<IDEProvisioningBasicTeam: 0xac280de00; teamID='VMZA353GB7', teamName='(null)'>">
	<IDEDistributionContext: 0xac0bde580; archive = "<IDEArchive: 0xac1f15570>", distributionMethod="<IDEDistributionMethodiOSAppStoreDistribution: 0xac0048000>", team="<IDEProvisioningBasicTeam: 0xac280de00; teamID='VMZA353GB7', teamName='(null)'>">
	<IDEDistributionContext: 0xac0bde300; archive = "<IDEArchive: 0xac1f15570>", distributionMethod="<IDEDistributionMethodiOSAppStoreDistribution: 0xac0048000>", team="<IDEProvisioningBasicTeam: 0xac280de00; teamID='VMZA353GB7', teamName='(null)'>">
	<IDEDistributionContext: 0xac0bde080; archive = "<IDEArchive: 0xac1f15570>", distributionMethod="<IDEDistributionMethodiOSAppStoreDistribution: 0xac0048000>", team="<IDEProvisioningBasicTeam: 0xac280de00; teamID='VMZA353GB7', teamName='(null)'>">
	<IDEDistributionContext: 0xac0bdd400; archive = "<IDEArchive: 0xac1f15570>", distributionMethod="<IDEDistributionMethodiOSAppStoreDistribution: 0xac0048000>", team="<IDEProvisioningBasicTeam: 0xac280de00; teamID='VMZA353GB7', teamName='(null)'>">
	<IDEDistributionContext: 0xac0bdd180; archive = "<IDEArchive: 0xac1f15570>", distributionMethod="<IDEDistributionMethodiOSAppStoreDistribution: 0xac0048000>", team="<IDEProvisioningBasicTeam: 0xac280de00; teamID='VMZA353GB7', teamName='(null)'>">
	<IDEDistributionContext: 0xac0bdcc80; archive = "<IDEArchive: 0xac1f15570>", distributionMethod="<IDEDistributionMethodiOSAppStoreDistribution: 0xac0048000>", team="<IDEProvisioningBasicTeam: 0xac280de00; teamID='VMZA353GB7', teamName='(null)'>">
	<IDEDistributionContext: 0xac0bdca00; archive = "<IDEArchive: 0xac1f15570>", distributionMethod="<IDEDistributionMethodiOSAppStoreDistribution: 0xac0048000>", team="(null)">
	<IDEDistributionContext: 0xac0bdc000; archive = "<IDEArchive: 0xac1f15570>", distributionMethod="<IDEDistributionMethodiOSAppStoreDistribution: 0xac0048000>", team="(null)">
	<IDEDistributionContext: 0x1012da870; archive = "<IDEArchive: 0xac1f15570>", distributionMethod="(null)", team="(null)">
</IDEDistributionProcessingPipelineContext: 0xac2538300>
2026-07-09 22:39:18 +0000 [MT] Processing step: IDEDistributionCreateDestRootStep
2026-07-09 22:39:18 +0000 [MT] Processing step: IDEDistributionCopyItemStep
2026-07-09 22:39:18 +0000 [MT] Running /usr/bin/ditto '-V' '/Users/user/nahaber/NaHaber.xcarchive/Products/Applications/App.app' '/var/folders/6k/mycfp0wx22bczrv2ltsdrxhm0000gn/T/XcodeDistPipeline.~~~3hCjIY/Root/Payload/App.app'
2026-07-09 22:39:18 +0000  >>> Copying /Users/user/nahaber/NaHaber.xcarchive/Products/Applications/App.app 
2026-07-09 22:39:18 +0000  copying file ./_CodeSignature/CodeResources ... 
2026-07-09 22:39:18 +0000  7663 bytes for ./_CodeSignature/CodeResources
2026-07-09 22:39:18 +0000  copying file ./App ... 
2026-07-09 22:39:18 +0000  148352 bytes for ./App
2026-07-09 22:39:18 +0000  copying file ./AppIcon60x60@2x.png ... 
2026-07-09 22:39:18 +0000  12907 bytes for ./AppIcon60x60@2x.png
2026-07-09 22:39:18 +0000  copying file ./Base.lproj/Main.storyboardc/UIViewController-BYZ-38-t0r.nib ... 
2026-07-09 22:39:18 +0000  858 bytes for ./Base.lproj/Main.storyboardc/UIViewController-BYZ-38-t0r.nib
2026-07-09 22:39:18 +0000  copying file ./Base.lproj/Main.storyboardc/Info.plist ... 
2026-07-09 22:39:18 +0000  258 bytes for ./Base.lproj/Main.storyboardc/Info.plist
2026-07-09 22:39:18 +0000  copying file ./Base.lproj/LaunchScreen.storyboardc/01J-lp-oVM-view-snD-IY-ifK.nib ... 
2026-07-09 22:39:18 +0000  1278 bytes for ./Base.lproj/LaunchScreen.storyboardc/01J-lp-oVM-view-snD-IY-ifK.nib
2026-07-09 22:39:18 +0000  copying file ./Base.lproj/LaunchScreen.storyboardc/UIViewController-01J-lp-oVM.nib ... 
2026-07-09 22:39:18 +0000  924 bytes for ./Base.lproj/LaunchScreen.storyboardc/UIViewController-01J-lp-oVM.nib
2026-07-09 22:39:18 +0000  copying file ./Base.lproj/LaunchScreen.storyboardc/Info.plist ... 
2026-07-09 22:39:18 +0000  258 bytes for ./Base.lproj/LaunchScreen.storyboardc/Info.plist
2026-07-09 22:39:18 +0000  copying file ./config.xml ... 
2026-07-09 22:39:18 +0000  185 bytes for ./config.xml
2026-07-09 22:39:18 +0000  copying file ./public/cordova.js ... 
2026-07-09 22:39:18 +0000  0 bytes for ./public/cordova.js
2026-07-09 22:39:18 +0000  copying file ./public/cordova_plugins.js ... 
2026-07-09 22:39:18 +0000  0 bytes for ./public/cordova_plugins.js
2026-07-09 22:39:18 +0000  copying file ./Assets.car ... 
2026-07-09 22:39:18 +0000  1976296 bytes for ./Assets.car
2026-07-09 22:39:18 +0000  copying file ./AppIcon76x76@2x~ipad.png ... 
2026-07-09 22:39:18 +0000  19763 bytes for ./AppIcon76x76@2x~ipad.png
2026-07-09 22:39:18 +0000  copying file ./capacitor.config.json ... 
2026-07-09 22:39:18 +0000  273 bytes for ./capacitor.config.json
2026-07-09 22:39:18 +0000  copying file ./Frameworks/Capacitor.framework/_CodeSignature/CodeResources ... 
2026-07-09 22:39:18 +0000  2252 bytes for ./Frameworks/Capacitor.framework/_CodeSignature/CodeResources
2026-07-09 22:39:18 +0000  copying file ./Frameworks/Capacitor.framework/native-bridge.js ... 
2026-07-09 22:39:18 +0000  53467 bytes for ./Frameworks/Capacitor.framework/native-bridge.js
2026-07-09 22:39:18 +0000  copying file ./Frameworks/Capacitor.framework/Capacitor ... 
2026-07-09 22:39:18 +0000  865584 bytes for ./Frameworks/Capacitor.framework/Capacitor
2026-07-09 22:39:18 +0000  copying file ./Frameworks/Capacitor.framework/PrivacyInfo.xcprivacy ... 
2026-07-09 22:39:18 +0000  373 bytes for ./Frameworks/Capacitor.framework/PrivacyInfo.xcprivacy
2026-07-09 22:39:18 +0000  copying file ./Frameworks/Capacitor.framework/Info.plist ... 
2026-07-09 22:39:18 +0000  762 bytes for ./Frameworks/Capacitor.framework/Info.plist
2026-07-09 22:39:18 +0000  copying file ./Frameworks/Cordova.framework/_CodeSignature/CodeResources ... 
2026-07-09 22:39:18 +0000  2034 bytes for ./Frameworks/Cordova.framework/_CodeSignature/CodeResources
2026-07-09 22:39:18 +0000  copying file ./Frameworks/Cordova.framework/Cordova ... 
2026-07-09 22:39:18 +0000  129488 bytes for ./Frameworks/Cordova.framework/Cordova
2026-07-09 22:39:18 +0000  copying file ./Frameworks/Cordova.framework/PrivacyInfo.xcprivacy ... 
2026-07-09 22:39:18 +0000  373 bytes for ./Frameworks/Cordova.framework/PrivacyInfo.xcprivacy
2026-07-09 22:39:18 +0000  copying file ./Frameworks/Cordova.framework/Info.plist ... 
2026-07-09 22:39:18 +0000  794 bytes for ./Frameworks/Cordova.framework/Info.plist
2026-07-09 22:39:18 +0000  copying file ./embedded.mobileprovision ... 
2026-07-09 22:39:18 +0000  12811 bytes for ./embedded.mobileprovision
2026-07-09 22:39:18 +0000  copying file ./Info.plist ... 
2026-07-09 22:39:18 +0000  2282 bytes for ./Info.plist
2026-07-09 22:39:18 +0000  copying file ./PkgInfo ... 
2026-07-09 22:39:18 +0000  8 bytes for ./PkgInfo
2026-07-09 22:39:18 +0000 [MT] /usr/bin/ditto exited with 0
2026-07-09 22:39:18 +0000 [MT] Processing step: IDEDistributionEmbedProfileStep
2026-07-09 22:39:18 +0000 [MT] Skipping profile for item: <IDEDistributionItem: 0xac06b76c0; bundleID='com.capacitorjs.ios.Capacitor', path='<DVTFilePath:0xac1f2b790:'/Users/user/nahaber/NaHaber.xcarchive/Products/Applications/App.app/Frameworks/Capacitor.framework'>', codeSigningInfo='<_DVTCodeSigningInformation_Path: 0xac06b73c0; isSigned='1', isAdHocSigned='0', signingCertificate='<DVTSigningCertificate: 0xac1eafe40; name='Apple Distribution: Mehmet en (VMZA353GB7)', hash='33E037D9850E41DFFBD38D1014369C9847FE9A50', serialNumber='186F0C0FB9F539E6F83DF2EC4B4098E0', certificateKinds='(
    "1.2.840.113635.100.6.1.7",
    "1.2.840.113635.100.6.1.4"
), issueDate='2026-07-01 22:33:50 +0000''>', entitlements='(null)', teamID='VMZA353GB7', identifier='com.capacitorjs.ios.Capacitor', executablePath='<DVTFilePath:0xac0baca80:'/Users/user/nahaber/NaHaber.xcarchive/Products/Applications/App.app/Frameworks/Capacitor.framework/Capacitor'>', hardenedRuntime='0'>'>
2026-07-09 22:39:18 +0000 [MT] Skipping profile for item: <IDEDistributionItem: 0xac06b7840; bundleID='com.getcapacitor.ios.CapacitorCordova', path='<DVTFilePath:0xac1f16f40:'/Users/user/nahaber/NaHaber.xcarchive/Products/Applications/App.app/Frameworks/Cordova.framework'>', codeSigningInfo='<_DVTCodeSigningInformation_Path: 0xac06b7720; isSigned='1', isAdHocSigned='0', signingCertificate='<DVTSigningCertificate: 0xac1eafe40; name='Apple Distribution: Mehmet en (VMZA353GB7)', hash='33E037D9850E41DFFBD38D1014369C9847FE9A50', serialNumber='186F0C0FB9F539E6F83DF2EC4B4098E0', certificateKinds='(
    "1.2.840.113635.100.6.1.7",
    "1.2.840.113635.100.6.1.4"
), issueDate='2026-07-01 22:33:50 +0000''>', entitlements='(null)', teamID='VMZA353GB7', identifier='com.getcapacitor.ios.CapacitorCordova', executablePath='<DVTFilePath:0xac0bacf00:'/Users/user/nahaber/NaHaber.xcarchive/Products/Applications/App.app/Frameworks/Cordova.framework/Cordova'>', hardenedRuntime='0'>'>
2026-07-09 22:39:18 +0000 [MT] Processing step: IDEDistributionInfoPlistStep
2026-07-09 22:39:18 +0000 [MT] Skipping Info.plist step because item: <IDEDistributionItem: 0xac06b76c0; bundleID='com.capacitorjs.ios.Capacitor', path='<DVTFilePath:0xac1f2b790:'/Users/user/nahaber/NaHaber.xcarchive/Products/Applications/App.app/Frameworks/Capacitor.framework'>', codeSigningInfo='<_DVTCodeSigningInformation_Path: 0xac06b73c0; isSigned='1', isAdHocSigned='0', signingCertificate='<DVTSigningCertificate: 0xac1eafe40; name='Apple Distribution: Mehmet en (VMZA353GB7)', hash='33E037D9850E41DFFBD38D1014369C9847FE9A50', serialNumber='186F0C0FB9F539E6F83DF2EC4B4098E0', certificateKinds='(
    "1.2.840.113635.100.6.1.7",
    "1.2.840.113635.100.6.1.4"
), issueDate='2026-07-01 22:33:50 +0000''>', entitlements='(null)', teamID='VMZA353GB7', identifier='com.capacitorjs.ios.Capacitor', executablePath='<DVTFilePath:0xac0baca80:'/Users/user/nahaber/NaHaber.xcarchive/Products/Applications/App.app/Frameworks/Capacitor.framework/Capacitor'>', hardenedRuntime='0'>'> is a framework or embedded in a framework.
2026-07-09 22:39:18 +0000 [MT] Skipping Info.plist step because item: <IDEDistributionItem: 0xac06b7840; bundleID='com.getcapacitor.ios.CapacitorCordova', path='<DVTFilePath:0xac1f16f40:'/Users/user/nahaber/NaHaber.xcarchive/Products/Applications/App.app/Frameworks/Cordova.framework'>', codeSigningInfo='<_DVTCodeSigningInformation_Path: 0xac06b7720; isSigned='1', isAdHocSigned='0', signingCertificate='<DVTSigningCertificate: 0xac1eafe40; name='Apple Distribution: Mehmet en (VMZA353GB7)', hash='33E037D9850E41DFFBD38D1014369C9847FE9A50', serialNumber='186F0C0FB9F539E6F83DF2EC4B4098E0', certificateKinds='(
    "1.2.840.113635.100.6.1.7",
    "1.2.840.113635.100.6.1.4"
), issueDate='2026-07-01 22:33:50 +0000''>', entitlements='(null)', teamID='VMZA353GB7', identifier='com.getcapacitor.ios.CapacitorCordova', executablePath='<DVTFilePath:0xac0bacf00:'/Users/user/nahaber/NaHaber.xcarchive/Products/Applications/App.app/Frameworks/Cordova.framework/Cordova'>', hardenedRuntime='0'>'> is a framework or embedded in a framework.
2026-07-09 22:39:18 +0000 [MT] Skipping setting DTXcodeBuildDistribution because toolsBuildVersionName was nil.
2026-07-09 22:39:18 +0000 [MT] Processing step: IDEDistributionItemRemovalStep
2026-07-09 22:39:18 +0000 [MT] Processing step: IDEDistributionAppThinningPlistStep
2026-07-09 22:39:18 +0000 [MT] Skipping step: IDEDistributionAppThinningPlistStep because it said so
2026-07-09 22:39:18 +0000 [MT] Processing step: IDEDistributionSymbolsStep
2026-07-09 22:39:18 +0000 [MT] Writing /var/folders/6k/mycfp0wx22bczrv2ltsdrxhm0000gn/T/XcodeDistPipeline.~~~3hCjIY/Symbols/E6AC2D60-9A10-3151-87F8-27243229317F.symbols
2026-07-09 22:39:18 +0000 [MT] Writing /var/folders/6k/mycfp0wx22bczrv2ltsdrxhm0000gn/T/XcodeDistPipeline.~~~3hCjIY/Symbols/13CCF5B7-219A-3563-8309-544DA1541DEB.symbols
2026-07-09 22:39:18 +0000 [MT] Writing /var/folders/6k/mycfp0wx22bczrv2ltsdrxhm0000gn/T/XcodeDistPipeline.~~~3hCjIY/Symbols/AA2E2AAA-BEC0-357F-8DE0-2F87FA094534.symbols
2026-07-09 22:39:18 +0000 [MT] Processing step: IDEDistributionCopyAppleProvidedContentStep
2026-07-09 22:39:18 +0000 [MT] Running /usr/bin/ditto '-V' '/Users/user/nahaber/NaHaber.xcarchive/Signatures' '/var/folders/6k/mycfp0wx22bczrv2ltsdrxhm0000gn/T/XcodeDistPipeline.~~~3hCjIY/Root/Signatures'
2026-07-09 22:39:18 +0000  >>> Copying /Users/user/nahaber/NaHaber.xcarchive/Signatures 
2026-07-09 22:39:18 +0000  copying file ./Capacitor.xcframework-ios.signature ... 
2026-07-09 22:39:18 +0000  6044 bytes for ./Capacitor.xcframework-ios.signature
2026-07-09 22:39:18 +0000  copying file ./Cordova.xcframework-ios.signature ... 
2026-07-09 22:39:18 +0000  6040 bytes for ./Cordova.xcframework-ios.signature
2026-07-09 22:39:18 +0000 [MT] /usr/bin/ditto exited with 0
2026-07-09 22:39:18 +0000 [MT] Processing step: IDEDistributionAppThinningStep
2026-07-09 22:39:18 +0000 [MT] Skipping step: IDEDistributionAppThinningStep because it said so
2026-07-09 22:39:18 +0000 [MT] Processing step: IDEDistributionArchThinningStep
2026-07-09 22:39:18 +0000 [MT] Archs to thin for item /Users/user/nahaber/NaHaber.xcarchive/Products/Applications/App.app/Frameworks/Capacitor.framework are []
2026-07-09 22:39:18 +0000 [MT] Archs to thin for item /Users/user/nahaber/NaHaber.xcarchive/Products/Applications/App.app/Frameworks/Cordova.framework are []
2026-07-09 22:39:18 +0000 [MT] Archs to thin for item /Users/user/nahaber/NaHaber.xcarchive/Products/Applications/App.app are []
2026-07-09 22:39:18 +0000 [MT] Processing step: IDEDistributionODRStep
2026-07-09 22:39:18 +0000 [MT] Processing step: IDEDistributionStripXattrsStep
2026-07-09 22:39:18 +0000 [MT] Skipping stripping extended attributes because the codesign step will strip them.
2026-07-09 22:39:18 +0000 [MT] Skipping stripping extended attributes because the codesign step will strip them.
2026-07-09 22:39:18 +0000 [MT] Skipping stripping extended attributes because the codesign step will strip them.
2026-07-09 22:39:18 +0000 [MT] Processing step: IDEDistributionCodesignStep
2026-07-09 22:39:18 +0000 [MT] Entitlements for <IDEDistributionItem: 0xac06b76c0; bundleID='com.capacitorjs.ios.Capacitor', path='<DVTFilePath:0xac1f2b790:'/Users/user/nahaber/NaHaber.xcarchive/Products/Applications/App.app/Frameworks/Capacitor.framework'>', codeSigningInfo='<_DVTCodeSigningInformation_Path: 0xac06b73c0; isSigned='1', isAdHocSigned='0', signingCertificate='<DVTSigningCertificate: 0xac1eafe40; name='Apple Distribution: Mehmet en (VMZA353GB7)', hash='33E037D9850E41DFFBD38D1014369C9847FE9A50', serialNumber='186F0C0FB9F539E6F83DF2EC4B4098E0', certificateKinds='(
    "1.2.840.113635.100.6.1.7",
    "1.2.840.113635.100.6.1.4"
), issueDate='2026-07-01 22:33:50 +0000''>', entitlements='(null)', teamID='VMZA353GB7', identifier='com.capacitorjs.ios.Capacitor', executablePath='<DVTFilePath:0xac0baca80:'/Users/user/nahaber/NaHaber.xcarchive/Products/Applications/App.app/Frameworks/Capacitor.framework/Capacitor'>', hardenedRuntime='0'>'>: {
}
2026-07-09 22:39:18 +0000 [MT] Associated App Clip Identifiers Filter: Skipping because "com.apple.developer.associated-appclip-app-identifiers" is not present
2026-07-09 22:39:18 +0000 [MT] Entitlements for <IDEDistributionItem: 0xac06b76c0; bundleID='com.capacitorjs.ios.Capacitor', path='<DVTFilePath:0xac1f2b790:'/Users/user/nahaber/NaHaber.xcarchive/Products/Applications/App.app/Frameworks/Capacitor.framework'>', codeSigningInfo='<_DVTCodeSigningInformation_Path: 0xac06b73c0; isSigned='1', isAdHocSigned='0', signingCertificate='<DVTSigningCertificate: 0xac1eaf780; name='Apple Distribution: Mehmet en (VMZA353GB7)', hash='33E037D9850E41DFFBD38D1014369C9847FE9A50', serialNumber='186F0C0FB9F539E6F83DF2EC4B4098E0', certificateKinds='(
    "1.2.840.113635.100.6.1.7",
    "1.2.840.113635.100.6.1.4"
), issueDate='2026-07-01 22:33:50 +0000''>', entitlements='(null)', teamID='VMZA353GB7', identifier='com.capacitorjs.ios.Capacitor', executablePath='<DVTFilePath:0xac0baca80:'/Users/user/nahaber/NaHaber.xcarchive/Products/Applications/App.app/Frameworks/Capacitor.framework/Capacitor'>', hardenedRuntime='0'>'> are: {
}
2026-07-09 22:39:18 +0000 [MT] Writing entitlements for <IDEDistributionItem: 0xac06b76c0; bundleID='com.capacitorjs.ios.Capacitor', path='<DVTFilePath:0xac1f2b790:'/Users/user/nahaber/NaHaber.xcarchive/Products/Applications/App.app/Frameworks/Capacitor.framework'>', codeSigningInfo='<_DVTCodeSigningInformation_Path: 0xac06b73c0; isSigned='1', isAdHocSigned='0', signingCertificate='<DVTSigningCertificate: 0xac1eaf780; name='Apple Distribution: Mehmet en (VMZA353GB7)', hash='33E037D9850E41DFFBD38D1014369C9847FE9A50', serialNumber='186F0C0FB9F539E6F83DF2EC4B4098E0', certificateKinds='(
    "1.2.840.113635.100.6.1.7",
    "1.2.840.113635.100.6.1.4"
), issueDate='2026-07-01 22:33:50 +0000''>', entitlements='(null)', teamID='VMZA353GB7', identifier='com.capacitorjs.ios.Capacitor', executablePath='<DVTFilePath:0xac0baca80:'/Users/user/nahaber/NaHaber.xcarchive/Products/Applications/App.app/Frameworks/Capacitor.framework/Capacitor'>', hardenedRuntime='0'>'> to: /var/folders/6k/mycfp0wx22bczrv2ltsdrxhm0000gn/T/XcodeDistPipeline.~~~3hCjIY/entitlements~~~LmLEUu
2026-07-09 22:39:18 +0000 [MT] invoking codesign: <NSConcreteTask: 0xac2a7edf0; launchPath='/usr/bin/codesign', arguments='(
    "-f",
    "-s",
    33E037D9850E41DFFBD38D1014369C9847FE9A50,
    "--entitlements",
    "/var/folders/6k/mycfp0wx22bczrv2ltsdrxhm0000gn/T/XcodeDistPipeline.~~~3hCjIY/entitlements~~~LmLEUu",
    "--preserve-metadata=identifier,flags,runtime,launch-constraints,library-constraints",
    "--generate-entitlement-der",
    "--strip-disallowed-xattrs",
    "-vvv",
    "/var/folders/6k/mycfp0wx22bczrv2ltsdrxhm0000gn/T/XcodeDistPipeline.~~~3hCjIY/Root/Payload/App.app/Frameworks/Capacitor.framework"
)'>
2026-07-09 22:39:18 +0000 [MT] codesign output: /var/folders/6k/mycfp0wx22bczrv2ltsdrxhm0000gn/T/XcodeDistPipeline.~~~3hCjIY/Root/Payload/App.app/Frameworks/Capacitor.framework: replacing existing signature
/var/folders/6k/mycfp0wx22bczrv2ltsdrxhm0000gn/T/XcodeDistPipeline.~~~3hCjIY/Root/Payload/App.app/Frameworks/Capacitor.framework: signed bundle with Mach-O thin (arm64) [com.capacitorjs.ios.Capacitor]
2026-07-09 22:39:18 +0000 [MT] Entitlements for <IDEDistributionItem: 0xac06b7840; bundleID='com.getcapacitor.ios.CapacitorCordova', path='<DVTFilePath:0xac1f16f40:'/Users/user/nahaber/NaHaber.xcarchive/Products/Applications/App.app/Frameworks/Cordova.framework'>', codeSigningInfo='<_DVTCodeSigningInformation_Path: 0xac06b7720; isSigned='1', isAdHocSigned='0', signingCertificate='<DVTSigningCertificate: 0xac1eafe40; name='Apple Distribution: Mehmet en (VMZA353GB7)', hash='33E037D9850E41DFFBD38D1014369C9847FE9A50', serialNumber='186F0C0FB9F539E6F83DF2EC4B4098E0', certificateKinds='(
    "1.2.840.113635.100.6.1.7",
    "1.2.840.113635.100.6.1.4"
), issueDate='2026-07-01 22:33:50 +0000''>', entitlements='(null)', teamID='VMZA353GB7', identifier='com.getcapacitor.ios.CapacitorCordova', executablePath='<DVTFilePath:0xac0bacf00:'/Users/user/nahaber/NaHaber.xcarchive/Products/Applications/App.app/Frameworks/Cordova.framework/Cordova'>', hardenedRuntime='0'>'>: {
}
2026-07-09 22:39:18 +0000 [MT] Associated App Clip Identifiers Filter: Skipping because "com.apple.developer.associated-appclip-app-identifiers" is not present
2026-07-09 22:39:18 +0000 [MT] Entitlements for <IDEDistributionItem: 0xac06b7840; bundleID='com.getcapacitor.ios.CapacitorCordova', path='<DVTFilePath:0xac1f16f40:'/Users/user/nahaber/NaHaber.xcarchive/Products/Applications/App.app/Frameworks/Cordova.framework'>', codeSigningInfo='<_DVTCodeSigningInformation_Path: 0xac06b7720; isSigned='1', isAdHocSigned='0', signingCertificate='<DVTSigningCertificate: 0xac1eaf780; name='Apple Distribution: Mehmet en (VMZA353GB7)', hash='33E037D9850E41DFFBD38D1014369C9847FE9A50', serialNumber='186F0C0FB9F539E6F83DF2EC4B4098E0', certificateKinds='(
    "1.2.840.113635.100.6.1.7",
    "1.2.840.113635.100.6.1.4"
), issueDate='2026-07-01 22:33:50 +0000''>', entitlements='(null)', teamID='VMZA353GB7', identifier='com.getcapacitor.ios.CapacitorCordova', executablePath='<DVTFilePath:0xac0bacf00:'/Users/user/nahaber/NaHaber.xcarchive/Products/Applications/App.app/Frameworks/Cordova.framework/Cordova'>', hardenedRuntime='0'>'> are: {
}
2026-07-09 22:39:18 +0000 [MT] Writing entitlements for <IDEDistributionItem: 0xac06b7840; bundleID='com.getcapacitor.ios.CapacitorCordova', path='<DVTFilePath:0xac1f16f40:'/Users/user/nahaber/NaHaber.xcarchive/Products/Applications/App.app/Frameworks/Cordova.framework'>', codeSigningInfo='<_DVTCodeSigningInformation_Path: 0xac06b7720; isSigned='1', isAdHocSigned='0', signingCertificate='<DVTSigningCertificate: 0xac1eaf780; name='Apple Distribution: Mehmet en (VMZA353GB7)', hash='33E037D9850E41DFFBD38D1014369C9847FE9A50', serialNumber='186F0C0FB9F539E6F83DF2EC4B4098E0', certificateKinds='(
    "1.2.840.113635.100.6.1.7",
    "1.2.840.113635.100.6.1.4"
), issueDate='2026-07-01 22:33:50 +0000''>', entitlements='(null)', teamID='VMZA353GB7', identifier='com.getcapacitor.ios.CapacitorCordova', executablePath='<DVTFilePath:0xac0bacf00:'/Users/user/nahaber/NaHaber.xcarchive/Products/Applications/App.app/Frameworks/Cordova.framework/Cordova'>', hardenedRuntime='0'>'> to: /var/folders/6k/mycfp0wx22bczrv2ltsdrxhm0000gn/T/XcodeDistPipeline.~~~3hCjIY/entitlements~~~pLtKM0
2026-07-09 22:39:18 +0000 [MT] invoking codesign: <NSConcreteTask: 0xac2a7ef30; launchPath='/usr/bin/codesign', arguments='(
    "-f",
    "-s",
    33E037D9850E41DFFBD38D1014369C9847FE9A50,
    "--entitlements",
    "/var/folders/6k/mycfp0wx22bczrv2ltsdrxhm0000gn/T/XcodeDistPipeline.~~~3hCjIY/entitlements~~~pLtKM0",
    "--preserve-metadata=identifier,flags,runtime,launch-constraints,library-constraints",
    "--generate-entitlement-der",
    "--strip-disallowed-xattrs",
    "-vvv",
    "/var/folders/6k/mycfp0wx22bczrv2ltsdrxhm0000gn/T/XcodeDistPipeline.~~~3hCjIY/Root/Payload/App.app/Frameworks/Cordova.framework"
)'>
2026-07-09 22:39:18 +0000 [MT] codesign output: /var/folders/6k/mycfp0wx22bczrv2ltsdrxhm0000gn/T/XcodeDistPipeline.~~~3hCjIY/Root/Payload/App.app/Frameworks/Cordova.framework: replacing existing signature
/var/folders/6k/mycfp0wx22bczrv2ltsdrxhm0000gn/T/XcodeDistPipeline.~~~3hCjIY/Root/Payload/App.app/Frameworks/Cordova.framework: signed bundle with Mach-O thin (arm64) [com.getcapacitor.ios.CapacitorCordova]
2026-07-09 22:39:18 +0000 [MT] Entitlements for <IDEDistributionItem: 0xac0bada40; bundleID='com.nahaber.app', path='<DVTFilePath:0xac08f3000:'/Users/user/nahaber/NaHaber.xcarchive/Products/Applications/App.app'>', codeSigningInfo='<_DVTCodeSigningInformation_Path: 0xac0bad800; isSigned='1', isAdHocSigned='0', signingCertificate='<DVTSigningCertificate: 0xac1eafe40; name='Apple Distribution: Mehmet en (VMZA353GB7)', hash='33E037D9850E41DFFBD38D1014369C9847FE9A50', serialNumber='186F0C0FB9F539E6F83DF2EC4B4098E0', certificateKinds='(
    "1.2.840.113635.100.6.1.7",
    "1.2.840.113635.100.6.1.4"
), issueDate='2026-07-01 22:33:50 +0000''>', entitlements='{
    "application-identifier" = "VMZA353GB7.com.nahaber.app";
    "beta-reports-active" = 1;
    "com.apple.developer.applesignin" =     (
        Default
    );
    "com.apple.developer.team-identifier" = VMZA353GB7;
    "get-task-allow" = 0;
}', teamID='VMZA353GB7', identifier='com.nahaber.app', executablePath='<DVTFilePath:0xac0bac5a0:'/Users/user/nahaber/NaHaber.xcarchive/Products/Applications/App.app/App'>', hardenedRuntime='0'>'>: {
    "application-identifier" = "VMZA353GB7.com.nahaber.app";
    "beta-reports-active" = 1;
    "com.apple.developer.applesignin" =     (
        Default
    );
    "com.apple.developer.team-identifier" = VMZA353GB7;
    "get-task-allow" = 0;
}
2026-07-09 22:39:18 +0000 [MT] Associated App Clip Identifiers Filter: Skipping because "com.apple.developer.associated-appclip-app-identifiers" is not present
2026-07-09 22:39:18 +0000 [MT] Entitlements for <IDEDistributionItem: 0xac0bada40; bundleID='com.nahaber.app', path='<DVTFilePath:0xac08f3000:'/Users/user/nahaber/NaHaber.xcarchive/Products/Applications/App.app'>', codeSigningInfo='<_DVTCodeSigningInformation_Path: 0xac0bad800; isSigned='1', isAdHocSigned='0', signingCertificate='<DVTSigningCertificate: 0xac1eaf780; name='Apple Distribution: Mehmet en (VMZA353GB7)', hash='33E037D9850E41DFFBD38D1014369C9847FE9A50', serialNumber='186F0C0FB9F539E6F83DF2EC4B4098E0', certificateKinds='(
    "1.2.840.113635.100.6.1.7",
    "1.2.840.113635.100.6.1.4"
), issueDate='2026-07-01 22:33:50 +0000''>', entitlements='{
    "application-identifier" = "VMZA353GB7.com.nahaber.app";
    "beta-reports-active" = 1;
    "com.apple.developer.applesignin" =     (
        Default
    );
    "com.apple.developer.team-identifier" = VMZA353GB7;
    "get-task-allow" = 0;
}', teamID='VMZA353GB7', identifier='com.nahaber.app', executablePath='<DVTFilePath:0xac0bac5a0:'/Users/user/nahaber/NaHaber.xcarchive/Products/Applications/App.app/App'>', hardenedRuntime='0'>'> are: {
    "application-identifier" = "VMZA353GB7.com.nahaber.app";
    "beta-reports-active" = 1;
    "com.apple.developer.applesignin" =     (
        Default
    );
    "com.apple.developer.team-identifier" = VMZA353GB7;
    "get-task-allow" = 0;
}
2026-07-09 22:39:18 +0000 [MT] Writing entitlements for <IDEDistributionItem: 0xac0bada40; bundleID='com.nahaber.app', path='<DVTFilePath:0xac08f3000:'/Users/user/nahaber/NaHaber.xcarchive/Products/Applications/App.app'>', codeSigningInfo='<_DVTCodeSigningInformation_Path: 0xac0bad800; isSigned='1', isAdHocSigned='0', signingCertificate='<DVTSigningCertificate: 0xac1eaf780; name='Apple Distribution: Mehmet en (VMZA353GB7)', hash='33E037D9850E41DFFBD38D1014369C9847FE9A50', serialNumber='186F0C0FB9F539E6F83DF2EC4B4098E0', certificateKinds='(
    "1.2.840.113635.100.6.1.7",
    "1.2.840.113635.100.6.1.4"
), issueDate='2026-07-01 22:33:50 +0000''>', entitlements='{
    "application-identifier" = "VMZA353GB7.com.nahaber.app";
    "beta-reports-active" = 1;
    "com.apple.developer.applesignin" =     (
        Default
    );
    "com.apple.developer.team-identifier" = VMZA353GB7;
    "get-task-allow" = 0;
}', teamID='VMZA353GB7', identifier='com.nahaber.app', executablePath='<DVTFilePath:0xac0bac5a0:'/Users/user/nahaber/NaHaber.xcarchive/Products/Applications/App.app/App'>', hardenedRuntime='0'>'> to: /var/folders/6k/mycfp0wx22bczrv2ltsdrxhm0000gn/T/XcodeDistPipeline.~~~3hCjIY/entitlements~~~mCtDCG
2026-07-09 22:39:18 +0000 [MT] invoking codesign: <NSConcreteTask: 0xac2a7ef30; launchPath='/usr/bin/codesign', arguments='(
    "-f",
    "-s",
    33E037D9850E41DFFBD38D1014369C9847FE9A50,
    "--entitlements",
    "/var/folders/6k/mycfp0wx22bczrv2ltsdrxhm0000gn/T/XcodeDistPipeline.~~~3hCjIY/entitlements~~~mCtDCG",
    "--preserve-metadata=identifier,flags,runtime,launch-constraints,library-constraints",
    "--generate-entitlement-der",
    "--strip-disallowed-xattrs",
    "-vvv",
    "/var/folders/6k/mycfp0wx22bczrv2ltsdrxhm0000gn/T/XcodeDistPipeline.~~~3hCjIY/Root/Payload/App.app"
)'>
2026-07-09 22:39:19 +0000 [MT] codesign output: /var/folders/6k/mycfp0wx22bczrv2ltsdrxhm0000gn/T/XcodeDistPipeline.~~~3hCjIY/Root/Payload/App.app: replacing existing signature
/var/folders/6k/mycfp0wx22bczrv2ltsdrxhm0000gn/T/XcodeDistPipeline.~~~3hCjIY/Root/Payload/App.app: signed app bundle with Mach-O thin (arm64) [com.nahaber.app]
2026-07-09 22:39:19 +0000 [MT] Processing step: IDEDistributionZipODRItemStep
2026-07-09 22:39:19 +0000 [MT] Skipping step: IDEDistributionZipODRItemStep because it said so
2026-07-09 22:39:19 +0000 [MT] Skipping step: IDEDistributionZipODRItemStep because it said so
2026-07-09 22:39:19 +0000 [MT] Skipping step: IDEDistributionZipODRItemStep because it said so
2026-07-09 22:39:19 +0000 [MT] Processing step: IDEDistributionCreateIPAStep
2026-07-09 22:39:19 +0000 [MT] Running /usr/bin/rsync '-8aPhhE' '/var/folders/6k/mycfp0wx22bczrv2ltsdrxhm0000gn/T/XcodeDistPipeline.~~~3hCjIY/Symbols' '--link-dest' '/var/folders/6k/mycfp0wx22bczrv2ltsdrxhm0000gn/T/XcodeDistPipeline.~~~3hCjIY' '/var/folders/6k/mycfp0wx22bczrv2ltsdrxhm0000gn/T/XcodeDistPipeline.~~~3hCjIY/Root'
2026-07-09 22:39:19 +0000  Symbols/
._Symbols
            163 102%    1,38MB/s   00:00:00 (xfer#1, to-check=0/8)
2026-07-09 22:39:19 +0000  Symbols/13CCF5B7-219A-3563-8309-544DA1541DEB.symbols
Symbols/AA2E2AAA-BEC0-357F-8DE0-2F87FA094534.symbols
Symbols/E6AC2D60-9A10-3151-87F8-27243229317F.symbols
Symbols/._13CCF5B7-219A-3563-8309-544DA1541DEB.symbols
            163   0%  265,36KB/s   00:00:00 (xfer#2, to-check=2/8)
2026-07-09 22:39:19 +0000  Symbols/._AA2E2AAA-BEC0-357F-8DE0-2F87FA094534.symbols
            163   0%  229,35KB/s   00:00:00 (xfer#3, to-check=3/8)
2026-07-09 22:39:19 +0000  Symbols/._E6AC2D60-9A10-3151-87F8-27243229317F.symbols
            163   0%  261,82KB/s   00:00:00 (xfer#4, to-check=4/8)
2026-07-09 22:39:19 +0000 [MT] /usr/bin/rsync exited with 0
2026-07-09 22:39:19 +0000 [MT] Running /usr/bin/ditto '-V' '-c' '-k' '--norsrc' '/var/folders/6k/mycfp0wx22bczrv2ltsdrxhm0000gn/T/XcodeDistPipeline.~~~3hCjIY/Root' '/var/folders/6k/mycfp0wx22bczrv2ltsdrxhm0000gn/T/XcodeDistPipeline.~~~3hCjIY/Packages/App.ipa'
2026-07-09 22:39:19 +0000  >>> Copying /var/folders/6k/mycfp0wx22bczrv2ltsdrxhm0000gn/T/XcodeDistPipeline.~~~3hCjIY/Root 
2026-07-09 22:39:19 +0000  copying file ./Signatures/Capacitor.xcframework-ios.signature ... 
2026-07-09 22:39:19 +0000  6044 bytes for ./Signatures/Capacitor.xcframework-ios.signature
2026-07-09 22:39:19 +0000  copying file ./Signatures/Cordova.xcframework-ios.signature ... 
2026-07-09 22:39:19 +0000  6040 bytes for ./Signatures/Cordova.xcframework-ios.signature
2026-07-09 22:39:19 +0000  copying file ./Payload/App.app/_CodeSignature/CodeResources ... 
2026-07-09 22:39:19 +0000  7663 bytes for ./Payload/App.app/_CodeSignature/CodeResources
2026-07-09 22:39:19 +0000  copying file ./Payload/App.app/App ... 
2026-07-09 22:39:19 +0000  148352 bytes for ./Payload/App.app/App
2026-07-09 22:39:19 +0000  copying file ./Payload/App.app/AppIcon60x60@2x.png ... 
2026-07-09 22:39:19 +0000  12907 bytes for ./Payload/App.app/AppIcon60x60@2x.png
2026-07-09 22:39:19 +0000  copying file ./Payload/App.app/Base.lproj/Main.storyboardc/UIViewController-BYZ-38-t0r.nib ... 
2026-07-09 22:39:19 +0000  858 bytes for ./Payload/App.app/Base.lproj/Main.storyboardc/UIViewController-BYZ-38-t0r.nib
2026-07-09 22:39:19 +0000  copying file ./Payload/App.app/Base.lproj/Main.storyboardc/Info.plist ... 
2026-07-09 22:39:19 +0000  258 bytes for ./Payload/App.app/Base.lproj/Main.storyboardc/Info.plist
2026-07-09 22:39:19 +0000  copying file ./Payload/App.app/Base.lproj/LaunchScreen.storyboardc/01J-lp-oVM-view-snD-IY-ifK.nib ... 
2026-07-09 22:39:19 +0000  1278 bytes for ./Payload/App.app/Base.lproj/LaunchScreen.storyboardc/01J-lp-oVM-view-snD-IY-ifK.nib
2026-07-09 22:39:19 +0000  copying file ./Payload/App.app/Base.lproj/LaunchScreen.storyboardc/UIViewController-01J-lp-oVM.nib ... 
2026-07-09 22:39:19 +0000  924 bytes for ./Payload/App.app/Base.lproj/LaunchScreen.storyboardc/UIViewController-01J-lp-oVM.nib
2026-07-09 22:39:19 +0000  copying file ./Payload/App.app/Base.lproj/LaunchScreen.storyboardc/Info.plist ... 
2026-07-09 22:39:19 +0000  258 bytes for ./Payload/App.app/Base.lproj/LaunchScreen.storyboardc/Info.plist
2026-07-09 22:39:19 +0000  copying file ./Payload/App.app/config.xml ... 
2026-07-09 22:39:19 +0000  185 bytes for ./Payload/App.app/config.xml
2026-07-09 22:39:19 +0000  copying file ./Payload/App.app/public/cordova.js ... 
2026-07-09 22:39:19 +0000  0 bytes for ./Payload/App.app/public/cordova.js
2026-07-09 22:39:19 +0000  copying file ./Payload/App.app/public/cordova_plugins.js ... 
0 bytes for ./Payload/App.app/public/cordova_plugins.js
2026-07-09 22:39:19 +0000  copying file ./Payload/App.app/Assets.car ... 
2026-07-09 22:39:19 +0000  1976296 bytes for ./Payload/App.app/Assets.car
2026-07-09 22:39:19 +0000  copying file ./Payload/App.app/AppIcon76x76@2x~ipad.png ... 
2026-07-09 22:39:19 +0000  19763 bytes for ./Payload/App.app/AppIcon76x76@2x~ipad.png
2026-07-09 22:39:19 +0000  copying file ./Payload/App.app/capacitor.config.json ... 
2026-07-09 22:39:19 +0000  273 bytes for ./Payload/App.app/capacitor.config.json
2026-07-09 22:39:19 +0000  copying file ./Payload/App.app/Frameworks/Capacitor.framework/_CodeSignature/CodeResources ... 
2026-07-09 22:39:19 +0000  2252 bytes for ./Payload/App.app/Frameworks/Capacitor.framework/_CodeSignature/CodeResources
2026-07-09 22:39:19 +0000  copying file ./Payload/App.app/Frameworks/Capacitor.framework/native-bridge.js ... 
2026-07-09 22:39:19 +0000  53467 bytes for ./Payload/App.app/Frameworks/Capacitor.framework/native-bridge.js
2026-07-09 22:39:19 +0000  copying file ./Payload/App.app/Frameworks/Capacitor.framework/Capacitor ... 
2026-07-09 22:39:19 +0000  865584 bytes for ./Payload/App.app/Frameworks/Capacitor.framework/Capacitor
2026-07-09 22:39:19 +0000  copying file ./Payload/App.app/Frameworks/Capacitor.framework/PrivacyInfo.xcprivacy ... 
2026-07-09 22:39:19 +0000  373 bytes for ./Payload/App.app/Frameworks/Capacitor.framework/PrivacyInfo.xcprivacy
2026-07-09 22:39:19 +0000  copying file ./Payload/App.app/Frameworks/Capacitor.framework/Info.plist ... 
2026-07-09 22:39:19 +0000  762 bytes for ./Payload/App.app/Frameworks/Capacitor.framework/Info.plist
2026-07-09 22:39:19 +0000  copying file ./Payload/App.app/Frameworks/Cordova.framework/_CodeSignature/CodeResources ... 
2026-07-09 22:39:19 +0000  2034 bytes for ./Payload/App.app/Frameworks/Cordova.framework/_CodeSignature/CodeResources
2026-07-09 22:39:19 +0000  copying file ./Payload/App.app/Frameworks/Cordova.framework/Cordova ... 
2026-07-09 22:39:19 +0000  129488 bytes for ./Payload/App.app/Frameworks/Cordova.framework/Cordova
2026-07-09 22:39:19 +0000  copying file ./Payload/App.app/Frameworks/Cordova.framework/PrivacyInfo.xcprivacy ... 
2026-07-09 22:39:19 +0000  373 bytes for ./Payload/App.app/Frameworks/Cordova.framework/PrivacyInfo.xcprivacy
2026-07-09 22:39:19 +0000  copying file ./Payload/App.app/Frameworks/Cordova.framework/Info.plist ... 
2026-07-09 22:39:19 +0000  794 bytes for ./Payload/App.app/Frameworks/Cordova.framework/Info.plist
2026-07-09 22:39:19 +0000  copying file ./Payload/App.app/embedded.mobileprovision ... 
2026-07-09 22:39:19 +0000  12811 bytes for ./Payload/App.app/embedded.mobileprovision
2026-07-09 22:39:19 +0000  copying file ./Payload/App.app/Info.plist ... 
2026-07-09 22:39:19 +0000  2282 bytes for ./Payload/App.app/Info.plist
2026-07-09 22:39:19 +0000  copying file ./Payload/App.app/PkgInfo ... 
2026-07-09 22:39:19 +0000  8 bytes for ./Payload/App.app/PkgInfo
2026-07-09 22:39:19 +0000  copying file ./Symbols/E6AC2D60-9A10-3151-87F8-27243229317F.symbols ... 
2026-07-09 22:39:19 +0000  106068 bytes for ./Symbols/E6AC2D60-9A10-3151-87F8-27243229317F.symbols
2026-07-09 22:39:19 +0000  copying file ./Symbols/AA2E2AAA-BEC0-357F-8DE0-2F87FA094534.symbols ... 
2026-07-09 22:39:19 +0000  49172 bytes for ./Symbols/AA2E2AAA-BEC0-357F-8DE0-2F87FA094534.symbols
2026-07-09 22:39:19 +0000  copying file ./Symbols/13CCF5B7-219A-3563-8309-544DA1541DEB.symbols ... 
2026-07-09 22:39:19 +0000  1254508 bytes for ./Symbols/13CCF5B7-219A-3563-8309-544DA1541DEB.symbols
2026-07-09 22:39:19 +0000 [MT] /usr/bin/ditto exited with 0
2026-07-09 22:39:19 +0000 [MT] Processing step: IDEDistributionAppStoreInformationStep
2026-07-09 22:39:19 +0000 [MT] Skipping step: IDEDistributionAppStoreInformationStep because it said so
2026-07-09 22:39:19 +0000 [MT] Processing step: IDEDistributionGenerateProcessedDistributionItems
2026-07-09 22:39:19 +0000 [MT] IDEDistributionItem init <DVTFilePath:0xac2974700:'/var/folders/6k/mycfp0wx22bczrv2ltsdrxhm0000gn/T/XcodeDistPipeline.~~~3hCjIY/Root/Payload/App.app/Frameworks/Capacitor.framework'>
2026-07-09 22:39:19 +0000 [MT] IDEDistributionItem init <DVTFilePath:0xac2975180:'/var/folders/6k/mycfp0wx22bczrv2ltsdrxhm0000gn/T/XcodeDistPipeline.~~~3hCjIY/Root/Payload/App.app/Frameworks/Cordova.framework'>
2026-07-09 22:39:19 +0000 [MT] IDEDistributionItem init <DVTFilePath:0xabfc90000:'/var/folders/6k/mycfp0wx22bczrv2ltsdrxhm0000gn/T/XcodeDistPipeline.~~~3hCjIY/Root/Payload/App.app'>
2026-07-09 22:39:19 +0000 [MT] Processing step: IDEDistributionCreateManifestStep
2026-07-09 22:39:19 +0000 [MT] Skipping step: IDEDistributionCreateManifestStep because it said so
